// Jest Snapshot v1, https://goo.gl/fbAQLP

exports[`<Main /> should render the heading 1`] = `
.c0 {
  background-color: #1e0b36;
  color: #fff;
  width: 100%;
  height: 100%;
  padding: 3rem;
  display: -webkit-box;
  display: -webkit-flex;
  display: -ms-flexbox;
  display: flex;
  -webkit-flex-direction: column;
  -ms-flex-direction: column;
  flex-direction: column;
  text-align: center;
  -webkit-align-items: center;
  -webkit-box-align: center;
  -ms-flex-align: center;
  align-items: center;
  -webkit-box-pack: center;
  -webkit-justify-content: center;
  -ms-flex-pack: center;
  justify-content: center;
}

.c1 {
  width: 25rem;
  margin-bottom: 2rem;
}

.c2 {
  font-size: 2.5rem;
}

.c3 {
  font-size: 2rem;
  font-weight: 400;
  margin-top: 1rem;
  width: min(50rem,100%);
}

<main
  class="c0"
>
  <img
    alt="Desenho de um 'O' realacionado ao nome da empresa Onyx"
    class="c1"
    src="/img/logo.svg"
  />
  <h1
    class="c2"
  >
    Onyx Boilerplate
  </h1>
  <h2
    class="c3"
  >
    Boilerplate with Typescript, Next.js, Styled Components, Storybook, Jest and ESLint
  </h2>
</main>
`;
